../Core/Src/INA229.c:73:13:ina229_select	8	static
../Core/Src/INA229.c:80:13:ina229_deselect	8	static
../Core/Src/INA229.c:92:16:ina229_sign_extend_24	16	static
../Core/Src/INA229.c:118:26:ina229_write_register_16	24	static
../Core/Src/INA229.c:136:17:ina229_read_register_16	32	static
../Core/Src/INA229.c:158:17:ina229_read_register_24	40	static
../Core/Src/INA229.c:187:6:ina229_init	16	static
../Core/Src/INA229.c:240:7:ina229_read_volt	16	static
../Core/Src/INA229.c:258:7:ina229_read_current	16	static
../Core/Src/INA229.c:274:7:ina229_read_temp	16	static
../Core/Src/INA229.c:288:10:ina229_read_device_id	8	static
