../Core/Src/main.c:72:5:main	8	static
../Core/Src/main.c:127:6:SystemClock_Config	88	static
../Core/Src/main.c:173:13:MX_FDCAN1_Init	8	static
../Core/Src/main.c:216:13:MX_I2C1_Init	8	static
../Core/Src/main.c:264:13:MX_I2C2_Init	8	static
../Core/Src/main.c:312:13:MX_SPI1_Init	8	static
../Core/Src/main.c:352:13:MX_SPI2_Init	8	static
../Core/Src/main.c:392:13:MX_TIM2_Init	88	static
../Core/Src/main.c:457:13:MX_TIM3_Init	40	static
../Core/Src/main.c:511:13:MX_GPIO_Init	40	static
../Core/Src/main.c:612:6:Error_Handler	4	static,ignoring_inline_asm
